// Jest Snapshot v1, https://goo.gl/fbAQLP

exports[`creates 5nodes raft kubernetes tessera 1`] = `
"
k8s:
  sep_deployment_files: true
  service:
    type: NodePort
  storage:
    Type: PVC
    Capacity: 200Mi
genesis:
  consensus: raft
  Quorum_Version: 21.1.0
  Tm_Version: 21.1.0
  Chain_Id: 10
nodes:
  
  - Node_UserIdent: quorum-node1
    Key_Dir_Base: 7nodes
    Key_Dir: key1
    Permissioned_Nodes_File: out/config/permissioned-nodes.json
    quorum:
      quorum:
        consensus: raft
        Quorum_Version: 21.1.0
        Docker_Repo: quorumengineering
      tm:
        Name: tessera
        Tm_Version: 21.1.0
        Docker_Repo: quorumengineering
        Tessera_Config_Dir: out/config
    geth:
      network:
        id: 10
        public: false
      verbosity: 9
      Geth_Startup_Params: --rpccorsdomain=\\\\\\"*\\\\\\" --rpcvhosts=\\\\\\"*\\\\\\" --wsorigins=\\\\\\"*\\\\\\"
  - Node_UserIdent: quorum-node2
    Key_Dir_Base: 7nodes
    Key_Dir: key2
    Permissioned_Nodes_File: out/config/permissioned-nodes.json
    quorum:
      quorum:
        consensus: raft
        Quorum_Version: 21.1.0
        Docker_Repo: quorumengineering
      tm:
        Name: tessera
        Tm_Version: 21.1.0
        Docker_Repo: quorumengineering
        Tessera_Config_Dir: out/config
    geth:
      network:
        id: 10
        public: false
      verbosity: 9
      Geth_Startup_Params: --rpccorsdomain=\\\\\\"*\\\\\\" --rpcvhosts=\\\\\\"*\\\\\\" --wsorigins=\\\\\\"*\\\\\\"
  - Node_UserIdent: quorum-node3
    Key_Dir_Base: 7nodes
    Key_Dir: key3
    Permissioned_Nodes_File: out/config/permissioned-nodes.json
    quorum:
      quorum:
        consensus: raft
        Quorum_Version: 21.1.0
        Docker_Repo: quorumengineering
      tm:
        Name: tessera
        Tm_Version: 21.1.0
        Docker_Repo: quorumengineering
        Tessera_Config_Dir: out/config
    geth:
      network:
        id: 10
        public: false
      verbosity: 9
      Geth_Startup_Params: --rpccorsdomain=\\\\\\"*\\\\\\" --rpcvhosts=\\\\\\"*\\\\\\" --wsorigins=\\\\\\"*\\\\\\"
  - Node_UserIdent: quorum-node4
    Key_Dir_Base: 7nodes
    Key_Dir: key4
    Permissioned_Nodes_File: out/config/permissioned-nodes.json
    quorum:
      quorum:
        consensus: raft
        Quorum_Version: 21.1.0
        Docker_Repo: quorumengineering
      tm:
        Name: tessera
        Tm_Version: 21.1.0
        Docker_Repo: quorumengineering
        Tessera_Config_Dir: out/config
    geth:
      network:
        id: 10
        public: false
      verbosity: 9
      Geth_Startup_Params: --rpccorsdomain=\\\\\\"*\\\\\\" --rpcvhosts=\\\\\\"*\\\\\\" --wsorigins=\\\\\\"*\\\\\\"
  - Node_UserIdent: quorum-node5
    Key_Dir_Base: 7nodes
    Key_Dir: key5
    Permissioned_Nodes_File: out/config/permissioned-nodes.json
    quorum:
      quorum:
        consensus: raft
        Quorum_Version: 21.1.0
        Docker_Repo: quorumengineering
      tm:
        Name: tessera
        Tm_Version: 21.1.0
        Docker_Repo: quorumengineering
        Tessera_Config_Dir: out/config
    geth:
      network:
        id: 10
        public: false
      verbosity: 9
      Geth_Startup_Params: --rpccorsdomain=\\\\\\"*\\\\\\" --rpcvhosts=\\\\\\"*\\\\\\" --wsorigins=\\\\\\"*\\\\\\""
`;

exports[`creates 7nodes istanbul docker generate keys 1`] = `
"
k8s:
  sep_deployment_files: true
  service:
    type: NodePort
  storage:
    Type: PVC
    Capacity: 200Mi
genesis:
  consensus: istanbul
  Quorum_Version: 21.1.0
  Tm_Version: 21.1.0
  Chain_Id: 10
nodes:
  
  - Node_UserIdent: \\"%QUORUM-NODE1_SERVICE_HOST%\\"
    Key_Dir_Base: out/config
    Key_Dir: key1
    Permissioned_Nodes_File: out/config/permissioned-nodes.json
    quorum:
      quorum:
        consensus: istanbul
        Quorum_Version: 21.1.0
        Docker_Repo: quorumengineering
      tm:
        Name: tessera
        Tm_Version: 21.1.0
        Docker_Repo: quorumengineering
        Tessera_Config_Dir: out/config
    geth:
      network:
        id: 10
        public: false
      verbosity: 9
      Geth_Startup_Params: --rpccorsdomain=\\\\\\"*\\\\\\" --rpcvhosts=\\\\\\"*\\\\\\" --wsorigins=\\\\\\"*\\\\\\"
  - Node_UserIdent: \\"%QUORUM-NODE2_SERVICE_HOST%\\"
    Key_Dir_Base: out/config
    Key_Dir: key2
    Permissioned_Nodes_File: out/config/permissioned-nodes.json
    quorum:
      quorum:
        consensus: istanbul
        Quorum_Version: 21.1.0
        Docker_Repo: quorumengineering
      tm:
        Name: tessera
        Tm_Version: 21.1.0
        Docker_Repo: quorumengineering
        Tessera_Config_Dir: out/config
    geth:
      network:
        id: 10
        public: false
      verbosity: 9
      Geth_Startup_Params: --rpccorsdomain=\\\\\\"*\\\\\\" --rpcvhosts=\\\\\\"*\\\\\\" --wsorigins=\\\\\\"*\\\\\\"
  - Node_UserIdent: \\"%QUORUM-NODE3_SERVICE_HOST%\\"
    Key_Dir_Base: out/config
    Key_Dir: key3
    Permissioned_Nodes_File: out/config/permissioned-nodes.json
    quorum:
      quorum:
        consensus: istanbul
        Quorum_Version: 21.1.0
        Docker_Repo: quorumengineering
      tm:
        Name: tessera
        Tm_Version: 21.1.0
        Docker_Repo: quorumengineering
        Tessera_Config_Dir: out/config
    geth:
      network:
        id: 10
        public: false
      verbosity: 9
      Geth_Startup_Params: --rpccorsdomain=\\\\\\"*\\\\\\" --rpcvhosts=\\\\\\"*\\\\\\" --wsorigins=\\\\\\"*\\\\\\"
  - Node_UserIdent: \\"%QUORUM-NODE4_SERVICE_HOST%\\"
    Key_Dir_Base: out/config
    Key_Dir: key4
    Permissioned_Nodes_File: out/config/permissioned-nodes.json
    quorum:
      quorum:
        consensus: istanbul
        Quorum_Version: 21.1.0
        Docker_Repo: quorumengineering
      tm:
        Name: tessera
        Tm_Version: 21.1.0
        Docker_Repo: quorumengineering
        Tessera_Config_Dir: out/config
    geth:
      network:
        id: 10
        public: false
      verbosity: 9
      Geth_Startup_Params: --rpccorsdomain=\\\\\\"*\\\\\\" --rpcvhosts=\\\\\\"*\\\\\\" --wsorigins=\\\\\\"*\\\\\\"
  - Node_UserIdent: \\"%QUORUM-NODE5_SERVICE_HOST%\\"
    Key_Dir_Base: out/config
    Key_Dir: key5
    Permissioned_Nodes_File: out/config/permissioned-nodes.json
    quorum:
      quorum:
        consensus: istanbul
        Quorum_Version: 21.1.0
        Docker_Repo: quorumengineering
      tm:
        Name: tessera
        Tm_Version: 21.1.0
        Docker_Repo: quorumengineering
        Tessera_Config_Dir: out/config
    geth:
      network:
        id: 10
        public: false
      verbosity: 9
      Geth_Startup_Params: --rpccorsdomain=\\\\\\"*\\\\\\" --rpcvhosts=\\\\\\"*\\\\\\" --wsorigins=\\\\\\"*\\\\\\"
  - Node_UserIdent: \\"%QUORUM-NODE6_SERVICE_HOST%\\"
    Key_Dir_Base: out/config
    Key_Dir: key6
    Permissioned_Nodes_File: out/config/permissioned-nodes.json
    quorum:
      quorum:
        consensus: istanbul
        Quorum_Version: 21.1.0
        Docker_Repo: quorumengineering
      tm:
        Name: tessera
        Tm_Version: 21.1.0
        Docker_Repo: quorumengineering
        Tessera_Config_Dir: out/config
    geth:
      network:
        id: 10
        public: false
      verbosity: 9
      Geth_Startup_Params: --rpccorsdomain=\\\\\\"*\\\\\\" --rpcvhosts=\\\\\\"*\\\\\\" --wsorigins=\\\\\\"*\\\\\\"
  - Node_UserIdent: \\"%QUORUM-NODE7_SERVICE_HOST%\\"
    Key_Dir_Base: out/config
    Key_Dir: key7
    Permissioned_Nodes_File: out/config/permissioned-nodes.json
    quorum:
      quorum:
        consensus: istanbul
        Quorum_Version: 21.1.0
        Docker_Repo: quorumengineering
      tm:
        Name: tessera
        Tm_Version: 21.1.0
        Docker_Repo: quorumengineering
        Tessera_Config_Dir: out/config
    geth:
      network:
        id: 10
        public: false
      verbosity: 9
      Geth_Startup_Params: --rpccorsdomain=\\\\\\"*\\\\\\" --rpcvhosts=\\\\\\"*\\\\\\" --wsorigins=\\\\\\"*\\\\\\""
`;

exports[`creates 7nodes istanbul docker generate keys no tessera 1`] = `
"
k8s:
  sep_deployment_files: true
  service:
    type: NodePort
  storage:
    Type: PVC
    Capacity: 200Mi
genesis:
  consensus: istanbul
  Quorum_Version: 21.1.0
  Tm_Version: 21.1.0
  Chain_Id: 10
nodes:
  
  - Node_UserIdent: \\"%QUORUM-NODE1_SERVICE_HOST%\\"
    Key_Dir_Base: out/config
    Key_Dir: key1
    Permissioned_Nodes_File: out/config/permissioned-nodes.json
    quorum:
      quorum:
        consensus: istanbul
        Quorum_Version: 21.1.0
        Docker_Repo: quorumengineering
      tm:
        Name: tessera
        Tm_Version: 21.1.0
        Docker_Repo: quorumengineering
        Tessera_Config_Dir: out/config
    geth:
      network:
        id: 10
        public: false
      verbosity: 9
      Geth_Startup_Params: --rpccorsdomain=\\\\\\"*\\\\\\" --rpcvhosts=\\\\\\"*\\\\\\" --wsorigins=\\\\\\"*\\\\\\"
  - Node_UserIdent: \\"%QUORUM-NODE2_SERVICE_HOST%\\"
    Key_Dir_Base: out/config
    Key_Dir: key2
    Permissioned_Nodes_File: out/config/permissioned-nodes.json
    quorum:
      quorum:
        consensus: istanbul
        Quorum_Version: 21.1.0
        Docker_Repo: quorumengineering
      tm:
        Name: tessera
        Tm_Version: 21.1.0
        Docker_Repo: quorumengineering
        Tessera_Config_Dir: out/config
    geth:
      network:
        id: 10
        public: false
      verbosity: 9
      Geth_Startup_Params: --rpccorsdomain=\\\\\\"*\\\\\\" --rpcvhosts=\\\\\\"*\\\\\\" --wsorigins=\\\\\\"*\\\\\\"
  - Node_UserIdent: \\"%QUORUM-NODE3_SERVICE_HOST%\\"
    Key_Dir_Base: out/config
    Key_Dir: key3
    Permissioned_Nodes_File: out/config/permissioned-nodes.json
    quorum:
      quorum:
        consensus: istanbul
        Quorum_Version: 21.1.0
        Docker_Repo: quorumengineering
      tm:
        Name: tessera
        Tm_Version: 21.1.0
        Docker_Repo: quorumengineering
        Tessera_Config_Dir: out/config
    geth:
      network:
        id: 10
        public: false
      verbosity: 9
      Geth_Startup_Params: --rpccorsdomain=\\\\\\"*\\\\\\" --rpcvhosts=\\\\\\"*\\\\\\" --wsorigins=\\\\\\"*\\\\\\"
  - Node_UserIdent: \\"%QUORUM-NODE4_SERVICE_HOST%\\"
    Key_Dir_Base: out/config
    Key_Dir: key4
    Permissioned_Nodes_File: out/config/permissioned-nodes.json
    quorum:
      quorum:
        consensus: istanbul
        Quorum_Version: 21.1.0
        Docker_Repo: quorumengineering
      tm:
        Name: tessera
        Tm_Version: 21.1.0
        Docker_Repo: quorumengineering
        Tessera_Config_Dir: out/config
    geth:
      network:
        id: 10
        public: false
      verbosity: 9
      Geth_Startup_Params: --rpccorsdomain=\\\\\\"*\\\\\\" --rpcvhosts=\\\\\\"*\\\\\\" --wsorigins=\\\\\\"*\\\\\\"
  - Node_UserIdent: \\"%QUORUM-NODE5_SERVICE_HOST%\\"
    Key_Dir_Base: out/config
    Key_Dir: key5
    Permissioned_Nodes_File: out/config/permissioned-nodes.json
    quorum:
      quorum:
        consensus: istanbul
        Quorum_Version: 21.1.0
        Docker_Repo: quorumengineering
      tm:
        Name: tessera
        Tm_Version: 21.1.0
        Docker_Repo: quorumengineering
        Tessera_Config_Dir: out/config
    geth:
      network:
        id: 10
        public: false
      verbosity: 9
      Geth_Startup_Params: --rpccorsdomain=\\\\\\"*\\\\\\" --rpcvhosts=\\\\\\"*\\\\\\" --wsorigins=\\\\\\"*\\\\\\"
  - Node_UserIdent: \\"%QUORUM-NODE6_SERVICE_HOST%\\"
    Key_Dir_Base: out/config
    Key_Dir: key6
    Permissioned_Nodes_File: out/config/permissioned-nodes.json
    quorum:
      quorum:
        consensus: istanbul
        Quorum_Version: 21.1.0
        Docker_Repo: quorumengineering
      tm:
        Name: tessera
        Tm_Version: 21.1.0
        Docker_Repo: quorumengineering
        Tessera_Config_Dir: out/config
    geth:
      network:
        id: 10
        public: false
      verbosity: 9
      Geth_Startup_Params: --rpccorsdomain=\\\\\\"*\\\\\\" --rpcvhosts=\\\\\\"*\\\\\\" --wsorigins=\\\\\\"*\\\\\\"
  - Node_UserIdent: \\"%QUORUM-NODE7_SERVICE_HOST%\\"
    Key_Dir_Base: out/config
    Key_Dir: key7
    Permissioned_Nodes_File: out/config/permissioned-nodes.json
    quorum:
      quorum:
        consensus: istanbul
        Quorum_Version: 21.1.0
        Docker_Repo: quorumengineering
      tm:
        Name: tessera
        Tm_Version: 21.1.0
        Docker_Repo: quorumengineering
        Tessera_Config_Dir: out/config
    geth:
      network:
        id: 10
        public: false
      verbosity: 9
      Geth_Startup_Params: --rpccorsdomain=\\\\\\"*\\\\\\" --rpcvhosts=\\\\\\"*\\\\\\" --wsorigins=\\\\\\"*\\\\\\""
`;

exports[`creates 7nodes istanbul docker generate keys with cakeshop 1`] = `
"
k8s:
  sep_deployment_files: true
  service:
    type: NodePort
  storage:
    Type: PVC
    Capacity: 200Mi
cakeshop:
  version: 0.12.1
  Docker_Repo: quorumengineering
  service:
    type: NodePort
    nodePort: 8999
genesis:
  consensus: istanbul
  Quorum_Version: 21.1.0
  Tm_Version: 21.1.0
  Chain_Id: 10
nodes:
  
  - Node_UserIdent: \\"%QUORUM-NODE1_SERVICE_HOST%\\"
    Key_Dir_Base: out/config
    Key_Dir: key1
    Permissioned_Nodes_File: out/config/permissioned-nodes.json
    quorum:
      quorum:
        consensus: istanbul
        Quorum_Version: 21.1.0
        Docker_Repo: quorumengineering
      tm:
        Name: tessera
        Tm_Version: 21.1.0
        Docker_Repo: quorumengineering
        Tessera_Config_Dir: out/config
    geth:
      network:
        id: 10
        public: false
      verbosity: 9
      Geth_Startup_Params: --rpccorsdomain=\\\\\\"*\\\\\\" --rpcvhosts=\\\\\\"*\\\\\\" --wsorigins=\\\\\\"*\\\\\\"
  - Node_UserIdent: \\"%QUORUM-NODE2_SERVICE_HOST%\\"
    Key_Dir_Base: out/config
    Key_Dir: key2
    Permissioned_Nodes_File: out/config/permissioned-nodes.json
    quorum:
      quorum:
        consensus: istanbul
        Quorum_Version: 21.1.0
        Docker_Repo: quorumengineering
      tm:
        Name: tessera
        Tm_Version: 21.1.0
        Docker_Repo: quorumengineering
        Tessera_Config_Dir: out/config
    geth:
      network:
        id: 10
        public: false
      verbosity: 9
      Geth_Startup_Params: --rpccorsdomain=\\\\\\"*\\\\\\" --rpcvhosts=\\\\\\"*\\\\\\" --wsorigins=\\\\\\"*\\\\\\"
  - Node_UserIdent: \\"%QUORUM-NODE3_SERVICE_HOST%\\"
    Key_Dir_Base: out/config
    Key_Dir: key3
    Permissioned_Nodes_File: out/config/permissioned-nodes.json
    quorum:
      quorum:
        consensus: istanbul
        Quorum_Version: 21.1.0
        Docker_Repo: quorumengineering
      tm:
        Name: tessera
        Tm_Version: 21.1.0
        Docker_Repo: quorumengineering
        Tessera_Config_Dir: out/config
    geth:
      network:
        id: 10
        public: false
      verbosity: 9
      Geth_Startup_Params: --rpccorsdomain=\\\\\\"*\\\\\\" --rpcvhosts=\\\\\\"*\\\\\\" --wsorigins=\\\\\\"*\\\\\\"
  - Node_UserIdent: \\"%QUORUM-NODE4_SERVICE_HOST%\\"
    Key_Dir_Base: out/config
    Key_Dir: key4
    Permissioned_Nodes_File: out/config/permissioned-nodes.json
    quorum:
      quorum:
        consensus: istanbul
        Quorum_Version: 21.1.0
        Docker_Repo: quorumengineering
      tm:
        Name: tessera
        Tm_Version: 21.1.0
        Docker_Repo: quorumengineering
        Tessera_Config_Dir: out/config
    geth:
      network:
        id: 10
        public: false
      verbosity: 9
      Geth_Startup_Params: --rpccorsdomain=\\\\\\"*\\\\\\" --rpcvhosts=\\\\\\"*\\\\\\" --wsorigins=\\\\\\"*\\\\\\"
  - Node_UserIdent: \\"%QUORUM-NODE5_SERVICE_HOST%\\"
    Key_Dir_Base: out/config
    Key_Dir: key5
    Permissioned_Nodes_File: out/config/permissioned-nodes.json
    quorum:
      quorum:
        consensus: istanbul
        Quorum_Version: 21.1.0
        Docker_Repo: quorumengineering
      tm:
        Name: tessera
        Tm_Version: 21.1.0
        Docker_Repo: quorumengineering
        Tessera_Config_Dir: out/config
    geth:
      network:
        id: 10
        public: false
      verbosity: 9
      Geth_Startup_Params: --rpccorsdomain=\\\\\\"*\\\\\\" --rpcvhosts=\\\\\\"*\\\\\\" --wsorigins=\\\\\\"*\\\\\\"
  - Node_UserIdent: \\"%QUORUM-NODE6_SERVICE_HOST%\\"
    Key_Dir_Base: out/config
    Key_Dir: key6
    Permissioned_Nodes_File: out/config/permissioned-nodes.json
    quorum:
      quorum:
        consensus: istanbul
        Quorum_Version: 21.1.0
        Docker_Repo: quorumengineering
      tm:
        Name: tessera
        Tm_Version: 21.1.0
        Docker_Repo: quorumengineering
        Tessera_Config_Dir: out/config
    geth:
      network:
        id: 10
        public: false
      verbosity: 9
      Geth_Startup_Params: --rpccorsdomain=\\\\\\"*\\\\\\" --rpcvhosts=\\\\\\"*\\\\\\" --wsorigins=\\\\\\"*\\\\\\"
  - Node_UserIdent: \\"%QUORUM-NODE7_SERVICE_HOST%\\"
    Key_Dir_Base: out/config
    Key_Dir: key7
    Permissioned_Nodes_File: out/config/permissioned-nodes.json
    quorum:
      quorum:
        consensus: istanbul
        Quorum_Version: 21.1.0
        Docker_Repo: quorumengineering
      tm:
        Name: tessera
        Tm_Version: 21.1.0
        Docker_Repo: quorumengineering
        Tessera_Config_Dir: out/config
    geth:
      network:
        id: 10
        public: false
      verbosity: 9
      Geth_Startup_Params: --rpccorsdomain=\\\\\\"*\\\\\\" --rpcvhosts=\\\\\\"*\\\\\\" --wsorigins=\\\\\\"*\\\\\\""
`;

exports[`creates 7nodes istanbul kubernetes generate keys 1`] = `
"
k8s:
  sep_deployment_files: true
  service:
    type: NodePort
  storage:
    Type: PVC
    Capacity: 200Mi
genesis:
  consensus: istanbul
  Quorum_Version: 21.1.0
  Tm_Version: 21.1.0
  Chain_Id: 10
nodes:
  
  - Node_UserIdent: quorum-node1
    Key_Dir_Base: out/config
    Key_Dir: key1
    Permissioned_Nodes_File: out/config/permissioned-nodes.json
    quorum:
      quorum:
        consensus: istanbul
        Quorum_Version: 21.1.0
        Docker_Repo: quorumengineering
      tm:
        Name: tessera
        Tm_Version: 21.1.0
        Docker_Repo: quorumengineering
        Tessera_Config_Dir: out/config
    geth:
      network:
        id: 10
        public: false
      verbosity: 9
      Geth_Startup_Params: --rpccorsdomain=\\\\\\"*\\\\\\" --rpcvhosts=\\\\\\"*\\\\\\" --wsorigins=\\\\\\"*\\\\\\"
  - Node_UserIdent: quorum-node2
    Key_Dir_Base: out/config
    Key_Dir: key2
    Permissioned_Nodes_File: out/config/permissioned-nodes.json
    quorum:
      quorum:
        consensus: istanbul
        Quorum_Version: 21.1.0
        Docker_Repo: quorumengineering
      tm:
        Name: tessera
        Tm_Version: 21.1.0
        Docker_Repo: quorumengineering
        Tessera_Config_Dir: out/config
    geth:
      network:
        id: 10
        public: false
      verbosity: 9
      Geth_Startup_Params: --rpccorsdomain=\\\\\\"*\\\\\\" --rpcvhosts=\\\\\\"*\\\\\\" --wsorigins=\\\\\\"*\\\\\\"
  - Node_UserIdent: quorum-node3
    Key_Dir_Base: out/config
    Key_Dir: key3
    Permissioned_Nodes_File: out/config/permissioned-nodes.json
    quorum:
      quorum:
        consensus: istanbul
        Quorum_Version: 21.1.0
        Docker_Repo: quorumengineering
      tm:
        Name: tessera
        Tm_Version: 21.1.0
        Docker_Repo: quorumengineering
        Tessera_Config_Dir: out/config
    geth:
      network:
        id: 10
        public: false
      verbosity: 9
      Geth_Startup_Params: --rpccorsdomain=\\\\\\"*\\\\\\" --rpcvhosts=\\\\\\"*\\\\\\" --wsorigins=\\\\\\"*\\\\\\"
  - Node_UserIdent: quorum-node4
    Key_Dir_Base: out/config
    Key_Dir: key4
    Permissioned_Nodes_File: out/config/permissioned-nodes.json
    quorum:
      quorum:
        consensus: istanbul
        Quorum_Version: 21.1.0
        Docker_Repo: quorumengineering
      tm:
        Name: tessera
        Tm_Version: 21.1.0
        Docker_Repo: quorumengineering
        Tessera_Config_Dir: out/config
    geth:
      network:
        id: 10
        public: false
      verbosity: 9
      Geth_Startup_Params: --rpccorsdomain=\\\\\\"*\\\\\\" --rpcvhosts=\\\\\\"*\\\\\\" --wsorigins=\\\\\\"*\\\\\\"
  - Node_UserIdent: quorum-node5
    Key_Dir_Base: out/config
    Key_Dir: key5
    Permissioned_Nodes_File: out/config/permissioned-nodes.json
    quorum:
      quorum:
        consensus: istanbul
        Quorum_Version: 21.1.0
        Docker_Repo: quorumengineering
      tm:
        Name: tessera
        Tm_Version: 21.1.0
        Docker_Repo: quorumengineering
        Tessera_Config_Dir: out/config
    geth:
      network:
        id: 10
        public: false
      verbosity: 9
      Geth_Startup_Params: --rpccorsdomain=\\\\\\"*\\\\\\" --rpcvhosts=\\\\\\"*\\\\\\" --wsorigins=\\\\\\"*\\\\\\"
  - Node_UserIdent: quorum-node6
    Key_Dir_Base: out/config
    Key_Dir: key6
    Permissioned_Nodes_File: out/config/permissioned-nodes.json
    quorum:
      quorum:
        consensus: istanbul
        Quorum_Version: 21.1.0
        Docker_Repo: quorumengineering
      tm:
        Name: tessera
        Tm_Version: 21.1.0
        Docker_Repo: quorumengineering
        Tessera_Config_Dir: out/config
    geth:
      network:
        id: 10
        public: false
      verbosity: 9
      Geth_Startup_Params: --rpccorsdomain=\\\\\\"*\\\\\\" --rpcvhosts=\\\\\\"*\\\\\\" --wsorigins=\\\\\\"*\\\\\\"
  - Node_UserIdent: quorum-node7
    Key_Dir_Base: out/config
    Key_Dir: key7
    Permissioned_Nodes_File: out/config/permissioned-nodes.json
    quorum:
      quorum:
        consensus: istanbul
        Quorum_Version: 21.1.0
        Docker_Repo: quorumengineering
      tm:
        Name: tessera
        Tm_Version: 21.1.0
        Docker_Repo: quorumengineering
        Tessera_Config_Dir: out/config
    geth:
      network:
        id: 10
        public: false
      verbosity: 9
      Geth_Startup_Params: --rpccorsdomain=\\\\\\"*\\\\\\" --rpcvhosts=\\\\\\"*\\\\\\" --wsorigins=\\\\\\"*\\\\\\""
`;

exports[`creates 7nodes istanbul kubernetes generate keys with cakeshop and prometheus 1`] = `
"
k8s:
  sep_deployment_files: true
  service:
    type: NodePort
  storage:
    Type: PVC
    Capacity: 200Mi
cakeshop:
  version: 0.12.1
  Docker_Repo: quorumengineering
  service:
    type: NodePort
    nodePort: 8999
prometheus:
  # override the default monitor startup params --metrics --metrics.expensive --pprof --pprofaddr=0.0.0.0.
  #monitor_params_geth: --metrics --metrics.expensive --pprof --pprofaddr=0.0.0.0
  nodePort_prom: 31323
genesis:
  consensus: istanbul
  Quorum_Version: 21.1.0
  Tm_Version: 21.1.0
  Chain_Id: 10
nodes:
  
  - Node_UserIdent: quorum-node1
    Key_Dir_Base: out/config
    Key_Dir: key1
    Permissioned_Nodes_File: out/config/permissioned-nodes.json
    quorum:
      quorum:
        consensus: istanbul
        Quorum_Version: 21.1.0
        Docker_Repo: quorumengineering
      tm:
        Name: tessera
        Tm_Version: 21.1.0
        Docker_Repo: quorumengineering
        Tessera_Config_Dir: out/config
    geth:
      network:
        id: 10
        public: false
      verbosity: 9
      Geth_Startup_Params: --rpccorsdomain=\\\\\\"*\\\\\\" --rpcvhosts=\\\\\\"*\\\\\\" --wsorigins=\\\\\\"*\\\\\\"
  - Node_UserIdent: quorum-node2
    Key_Dir_Base: out/config
    Key_Dir: key2
    Permissioned_Nodes_File: out/config/permissioned-nodes.json
    quorum:
      quorum:
        consensus: istanbul
        Quorum_Version: 21.1.0
        Docker_Repo: quorumengineering
      tm:
        Name: tessera
        Tm_Version: 21.1.0
        Docker_Repo: quorumengineering
        Tessera_Config_Dir: out/config
    geth:
      network:
        id: 10
        public: false
      verbosity: 9
      Geth_Startup_Params: --rpccorsdomain=\\\\\\"*\\\\\\" --rpcvhosts=\\\\\\"*\\\\\\" --wsorigins=\\\\\\"*\\\\\\"
  - Node_UserIdent: quorum-node3
    Key_Dir_Base: out/config
    Key_Dir: key3
    Permissioned_Nodes_File: out/config/permissioned-nodes.json
    quorum:
      quorum:
        consensus: istanbul
        Quorum_Version: 21.1.0
        Docker_Repo: quorumengineering
      tm:
        Name: tessera
        Tm_Version: 21.1.0
        Docker_Repo: quorumengineering
        Tessera_Config_Dir: out/config
    geth:
      network:
        id: 10
        public: false
      verbosity: 9
      Geth_Startup_Params: --rpccorsdomain=\\\\\\"*\\\\\\" --rpcvhosts=\\\\\\"*\\\\\\" --wsorigins=\\\\\\"*\\\\\\"
  - Node_UserIdent: quorum-node4
    Key_Dir_Base: out/config
    Key_Dir: key4
    Permissioned_Nodes_File: out/config/permissioned-nodes.json
    quorum:
      quorum:
        consensus: istanbul
        Quorum_Version: 21.1.0
        Docker_Repo: quorumengineering
      tm:
        Name: tessera
        Tm_Version: 21.1.0
        Docker_Repo: quorumengineering
        Tessera_Config_Dir: out/config
    geth:
      network:
        id: 10
        public: false
      verbosity: 9
      Geth_Startup_Params: --rpccorsdomain=\\\\\\"*\\\\\\" --rpcvhosts=\\\\\\"*\\\\\\" --wsorigins=\\\\\\"*\\\\\\"
  - Node_UserIdent: quorum-node5
    Key_Dir_Base: out/config
    Key_Dir: key5
    Permissioned_Nodes_File: out/config/permissioned-nodes.json
    quorum:
      quorum:
        consensus: istanbul
        Quorum_Version: 21.1.0
        Docker_Repo: quorumengineering
      tm:
        Name: tessera
        Tm_Version: 21.1.0
        Docker_Repo: quorumengineering
        Tessera_Config_Dir: out/config
    geth:
      network:
        id: 10
        public: false
      verbosity: 9
      Geth_Startup_Params: --rpccorsdomain=\\\\\\"*\\\\\\" --rpcvhosts=\\\\\\"*\\\\\\" --wsorigins=\\\\\\"*\\\\\\"
  - Node_UserIdent: quorum-node6
    Key_Dir_Base: out/config
    Key_Dir: key6
    Permissioned_Nodes_File: out/config/permissioned-nodes.json
    quorum:
      quorum:
        consensus: istanbul
        Quorum_Version: 21.1.0
        Docker_Repo: quorumengineering
      tm:
        Name: tessera
        Tm_Version: 21.1.0
        Docker_Repo: quorumengineering
        Tessera_Config_Dir: out/config
    geth:
      network:
        id: 10
        public: false
      verbosity: 9
      Geth_Startup_Params: --rpccorsdomain=\\\\\\"*\\\\\\" --rpcvhosts=\\\\\\"*\\\\\\" --wsorigins=\\\\\\"*\\\\\\"
  - Node_UserIdent: quorum-node7
    Key_Dir_Base: out/config
    Key_Dir: key7
    Permissioned_Nodes_File: out/config/permissioned-nodes.json
    quorum:
      quorum:
        consensus: istanbul
        Quorum_Version: 21.1.0
        Docker_Repo: quorumengineering
      tm:
        Name: tessera
        Tm_Version: 21.1.0
        Docker_Repo: quorumengineering
        Tessera_Config_Dir: out/config
    geth:
      network:
        id: 10
        public: false
      verbosity: 9
      Geth_Startup_Params: --rpccorsdomain=\\\\\\"*\\\\\\" --rpcvhosts=\\\\\\"*\\\\\\" --wsorigins=\\\\\\"*\\\\\\""
`;
